app/sign-in/[[...sign-in]]/page.tsx(98,51): error TS2322: Type '{ appearance: { readonly elements: { readonly rootBox: "w-full"; readonly card: "!bg-transparent !shadow-none !border-none !p-0"; readonly header: "!hidden"; readonly socialButtonsBlockButton: "!hidden"; ... 5 more ...; readonly footerAction: "!text-base"; }; }; afterSignInUrl: string; }' is not assignable to type 'IntrinsicAttributes & Without<WithClerkProp<SignInProps & FallbackProp>, "clerk">'.
  Property 'afterSignInUrl' does not exist on type 'IntrinsicAttributes & Without<WithClerkProp<SignInProps & FallbackProp>, "clerk">'. Did you mean 'afterSignOutUrl'?
app/sign-up/[[...sign-up]]/page.tsx(98,51): error TS2322: Type '{ appearance: { readonly elements: { readonly rootBox: "w-full"; readonly card: "!bg-transparent !shadow-none !border-none !p-0"; readonly header: "!hidden"; readonly socialButtonsBlockButton: "!hidden"; ... 5 more ...; readonly footerAction: "!text-base"; }; }; afterSignUpUrl: string; }' is not assignable to type 'IntrinsicAttributes & Without<WithClerkProp<SignUpProps & FallbackProp>, "clerk">'.
  Property 'afterSignUpUrl' does not exist on type 'IntrinsicAttributes & Without<WithClerkProp<SignUpProps & FallbackProp>, "clerk">'. Did you mean 'afterSignOutUrl'?
